
/tmp/scaffold-review/eslint.config.mjs
  36:30  warning  No magic number: 4  no-magic-numbers

/tmp/scaffold-review/scripts/agent-loop-process.ts
  63:33  warning  No magic number: 0o600  no-magic-numbers

/tmp/scaffold-review/scripts/agent-loop-runner.ts
  10:8  warning  Async function 'supervise' has a complexity of 20. Maximum allowed is 10  complexity

/tmp/scaffold-review/scripts/agent-loop-state.ts
  11:16  warning  No magic number: 60  no-magic-numbers
  12:14  warning  No magic number: 60  no-magic-numbers
  13:22  warning  No magic number: 30  no-magic-numbers
  13:27  warning  No magic number: 24  no-magic-numbers
  71:51  warning  No magic number: 2   no-magic-numbers

/tmp/scaffold-review/scripts/agent-loop.integration.test.ts
   29:15   warning  No magic number: 200     no-magic-numbers
   52:35   warning  No magic number: 12_000  no-magic-numbers
   56:19   warning  No magic number: 50      no-magic-numbers
   89:42   warning  No magic number: 2       no-magic-numbers
  121:61   warning  No magic number: 2       no-magic-numbers
  231:92   warning  No magic number: 3       no-magic-numbers
  239:100  warning  No magic number: 3       no-magic-numbers
  266:35   warning  No magic number: 4_000   no-magic-numbers
  267:71   warning  No magic number: 50      no-magic-numbers
  273:44   warning  No magic number: -1      no-magic-numbers
  283:57   warning  No magic number: 2       no-magic-numbers
  304:36   warning  No magic number: 2       no-magic-numbers
  305:32   warning  No magic number: 2       no-magic-numbers

/tmp/scaffold-review/scripts/agent-loop.ts
   16:23   warning  No magic number: 64                                                  no-magic-numbers
   16:28   warning  No magic number: 1024                                                no-magic-numbers
   17:27   warning  No magic number: 64                                                  no-magic-numbers
   17:32   warning  No magic number: 1024                                                no-magic-numbers
   33:1    warning  Function 'parse' has a complexity of 17. Maximum allowed is 10       complexity
  134:57   warning  No magic number: 0o600                                               no-magic-numbers
  191:1    warning  Async function 'main' has a complexity of 12. Maximum allowed is 10  complexity
  192:42   warning  No magic number: 2                                                   no-magic-numbers
  198:94   warning  No magic number: 2                                                   no-magic-numbers
  201:98   warning  No magic number: 2                                                   no-magic-numbers
  202:98   warning  No magic number: 2                                                   no-magic-numbers
  203:102  warning  No magic number: 2                                                   no-magic-numbers
  205:113  warning  No magic number: 2                                                   no-magic-numbers

/tmp/scaffold-review/scripts/check-resolvable.ts
  29:41  warning  No magic number: 2  no-magic-numbers

/tmp/scaffold-review/scripts/mermaid-render.test.ts
  88:119  warning  No magic number: 200  no-magic-numbers

/tmp/scaffold-review/scripts/mermaid-render.ts
  147:1   warning  Function 'parseArgs' has a complexity of 15. Maximum allowed is 10   complexity
  168:1   warning  Async function 'main' has a complexity of 28. Maximum allowed is 10  complexity
  236:81  warning  No magic number: 2                                                   no-magic-numbers

/tmp/scaffold-review/scripts/mermaid-watch.test.ts
  18:46  warning  No magic number: 8080  no-magic-numbers
  22:38  warning  No magic number: 9100  no-magic-numbers

/tmp/scaffold-review/scripts/mermaid-watch.ts
  97:81  warning  No magic number: 2  no-magic-numbers

/tmp/scaffold-review/scripts/queue-cli-args.ts
  18:29  warning  No magic number: 2  no-magic-numbers

/tmp/scaffold-review/scripts/queue-console.test.ts
   42:96   warning  No magic number: 2     no-magic-numbers
   76:95   warning  No magic number: 3     no-magic-numbers
   87:121  warning  No magic number: 4     no-magic-numbers
   97:79   warning  No magic number: 2     no-magic-numbers
  139:91   warning  No magic number: 1500  no-magic-numbers
  170:45   warning  No magic number: 2     no-magic-numbers
  205:44   warning  No magic number: 2     no-magic-numbers
  313:59   warning  No magic number: 200   no-magic-numbers
  325:58   warning  No magic number: 200   no-magic-numbers
  330:49   warning  No magic number: 400   no-magic-numbers
  334:112  warning  No magic number: 400   no-magic-numbers
  335:74   warning  No magic number: 404   no-magic-numbers
  338:57   warning  No magic number: 200   no-magic-numbers
  358:49   warning  No magic number: 403   no-magic-numbers
  366:58   warning  No magic number: 400   no-magic-numbers
  374:68   warning  No magic number: 400   no-magic-numbers
  379:66   warning  No magic number: 200   no-magic-numbers
  384:52   warning  No magic number: 3000  no-magic-numbers

/tmp/scaffold-review/scripts/queue-console.ts
  183:8   warning  Function 'applyOp' has a complexity of 54. Maximum allowed is 10  complexity
  293:24  warning  No magic number: 64                                               no-magic-numbers
  293:29  warning  No magic number: 1024                                             no-magic-numbers
  371:47  warning  Arrow function has a complexity of 13. Maximum allowed is 10      complexity
  423:81  warning  No magic number: 2                                                no-magic-numbers

/tmp/scaffold-review/scripts/queue-elapsed.test.ts
  26:74  warning  No magic number: 5400  no-magic-numbers
  31:56  warning  No magic number: 45    no-magic-numbers
  37:60  warning  No magic number: 7200  no-magic-numbers
  41:55  warning  No magic number: 3     no-magic-numbers
  42:74  warning  No magic number: 7500  no-magic-numbers
  49:63  warning  No magic number: 8130  no-magic-numbers
  50:61  warning  No magic number: 2700  no-magic-numbers
  51:57  warning  No magic number: 30    no-magic-numbers
  52:43  warning  No magic number: 45    no-magic-numbers
  53:53  warning  No magic number: 5400  no-magic-numbers
  54:56  warning  No magic number: 8130  no-magic-numbers
  57:37  warning  No magic number: 3600  no-magic-numbers
  59:68  warning  No magic number: 3600  no-magic-numbers

/tmp/scaffold-review/scripts/queue-io.ts
  34:53  warning  No magic number: 4  no-magic-numbers

/tmp/scaffold-review/scripts/queue-lanes.test.ts
  37:68  warning  No magic number: 2       no-magic-numbers
  44:61  warning  No magic number: 60_000  no-magic-numbers
  44:84  warning  No magic number: 30      no-magic-numbers
  46:61  warning  No magic number: 31      no-magic-numbers
  46:66  warning  No magic number: 60_000  no-magic-numbers
  46:89  warning  No magic number: 30      no-magic-numbers

/tmp/scaffold-review/scripts/queue-lanes.ts
   68:58  warning  No magic number: 2                                                no-magic-numbers
   86:76  warning  No magic number: 60_000                                           no-magic-numbers
  114:8   warning  Function 'cmdLane' has a complexity of 17. Maximum allowed is 10  complexity

/tmp/scaffold-review/scripts/queue-lock.test.ts
  32:33  warning  No magic number: 5000  no-magic-numbers
  34:55  warning  No magic number: 4     no-magic-numbers
  34:66  warning  No magic number: 10    no-magic-numbers
  83:37  warning  No magic number: 2     no-magic-numbers
  83:96  warning  No magic number: 2     no-magic-numbers

/tmp/scaffold-review/scripts/queue-model.ts
  187:1  warning  Function 'applyConfig' has a complexity of 18. Maximum allowed is 10        complexity
  210:8  warning  Function 'fieldPatch' has a complexity of 29. Maximum allowed is 10         complexity
  308:8  warning  Function 'taskFields' has a complexity of 15. Maximum allowed is 10         complexity
  444:8  warning  Function 'recordFailure' has too many parameters (5). Maximum allowed is 4  max-params
  501:1  warning  File has too many lines (737). Maximum allowed is 500                       max-lines

/tmp/scaffold-review/scripts/queue.test.ts
   51:57  warning  No magic number: 2     no-magic-numbers
   53:59  warning  No magic number: 30    no-magic-numbers
   58:44  warning  No magic number: 2     no-magic-numbers
   77:70  warning  No magic number: 5     no-magic-numbers
  103:41  warning  No magic number: 3     no-magic-numbers
  104:81  warning  No magic number: 5     no-magic-numbers
  113:67  warning  No magic number: 3     no-magic-numbers
  114:91  warning  No magic number: 4     no-magic-numbers
  121:51  warning  No magic number: 3     no-magic-numbers
  126:56  warning  No magic number: 3     no-magic-numbers
  127:66  warning  No magic number: 3     no-magic-numbers
  128:60  warning  No magic number: 3     no-magic-numbers
  137:37  warning  No magic number: 30    no-magic-numbers
  139:60  warning  No magic number: 30    no-magic-numbers
  280:54  warning  No magic number: 3     no-magic-numbers
  290:67  warning  No magic number: 4     no-magic-numbers
  297:60  warning  No magic number: 4     no-magic-numbers
  306:81  warning  No magic number: 10    no-magic-numbers
  315:58  warning  No magic number: 2     no-magic-numbers
  316:56  warning  No magic number: 3     no-magic-numbers
  317:64  warning  No magic number: 99    no-magic-numbers
  318:64  warning  No magic number: -5    no-magic-numbers
  321:35  warning  No magic number: 3     no-magic-numbers
  366:61  warning  No magic number: 1800  no-magic-numbers

/tmp/scaffold-review/scripts/queue.ts
   76:60  warning  No magic number: -3                                                no-magic-numbers
  159:1   warning  Function 'cmdDone' has a complexity of 14. Maximum allowed is 10   complexity
  333:1   warning  Function 'dispatch' has a complexity of 81. Maximum allowed is 10  complexity
  481:40  warning  No magic number: 2                                                 no-magic-numbers

/tmp/scaffold-review/scripts/resolver-phases.ts
  120:24   warning  No magic number: 2  no-magic-numbers
  138:124  warning  No magic number: 2  no-magic-numbers

/tmp/scaffold-review/scripts/update-skills-doc.ts
  28:37  warning  No magic number: 2  no-magic-numbers
  46:84  warning  No magic number: 2  no-magic-numbers

/tmp/scaffold-review/scripts/voice/agent.test.ts
  17:24  warning  No magic number: 0o755  no-magic-numbers
  42:30  warning  No magic number: 2      no-magic-numbers

/tmp/scaffold-review/scripts/voice/agent.ts
  30:1   warning  Function 'codexReply' has a complexity of 19. Maximum allowed is 10  complexity
  59:8   warning  Function 'askAgent' has a complexity of 13. Maximum allowed is 10    complexity
  64:28  warning  No magic number: 64                                                  no-magic-numbers
  64:33  warning  No magic number: 1024                                                no-magic-numbers
  64:40  warning  No magic number: 1024                                                no-magic-numbers

/tmp/scaffold-review/scripts/voice/fixtures/cli.ts
  8:33  warning  No magic number: 2  no-magic-numbers

/tmp/scaffold-review/scripts/voice/voice-loop.ts
  198:68  warning  No magic number: 4                                                   no-magic-numbers
  221:1   warning  Function 'checkDeps' has a complexity of 19. Maximum allowed is 10   complexity
  307:1   warning  Async function 'main' has a complexity of 14. Maximum allowed is 10  complexity
  308:35  warning  No magic number: 2                                                   no-magic-numbers

/tmp/scaffold-review/tools/hoist-skill/emitters.ts
  24:1  warning  Function 'safeWrite' has too many parameters (6). Maximum allowed is 4        max-params
  33:1  warning  Function 'writeBody' has too many parameters (6). Maximum allowed is 4        max-params
  41:8  warning  Function 'emitClaude' has too many parameters (6). Maximum allowed is 4       max-params
  51:8  warning  Function 'emitCursor' has too many parameters (6). Maximum allowed is 4       max-params
  61:1  warning  Function 'emitCodex' has too many parameters (6). Maximum allowed is 4        max-params
  72:8  warning  Function 'emitAntigravity' has too many parameters (6). Maximum allowed is 4  max-params
  83:8  warning  Function 'emitPi' has too many parameters (6). Maximum allowed is 4           max-params

/tmp/scaffold-review/tools/hoist-skill/hoist.ts
  152:1  warning  Function 'resolveEmitPairs' has a complexity of 11. Maximum allowed is 10  complexity
  196:8  warning  Async function 'hoist' has a complexity of 32. Maximum allowed is 10       complexity

/tmp/scaffold-review/tools/lib/resolver-parse.ts
  36:8   warning  Function 'parseResolverRows' has a complexity of 11. Maximum allowed is 10  complexity
  46:36  warning  No magic number: 4                                                          no-magic-numbers
  61:8   warning  Function 'parseBundledRows' has a complexity of 11. Maximum allowed is 10   complexity
  71:36  warning  No magic number: 3                                                          no-magic-numbers

/tmp/scaffold-review/tools/lib/safe-write.ts
  56:8  warning  Function 'safeWrite' has too many parameters (7). Maximum allowed is 4  max-params
  56:8  warning  Function 'safeWrite' has a complexity of 14. Maximum allowed is 10      complexity

/tmp/scaffold-review/tools/linter-setup/deps.ts
  24:21  warning  No magic number: 2                                                  no-magic-numbers
  32:1   warning  Function 'mergeInto' has a complexity of 14. Maximum allowed is 10  complexity

/tmp/scaffold-review/tools/linter-setup/detect.ts
  27:15  warning  No magic number: -1  no-magic-numbers
  29:42  warning  No magic number: -1  no-magic-numbers

/tmp/scaffold-review/tools/linter-setup/emit.ts
  21:8  warning  Function 'emit' has a complexity of 14. Maximum allowed is 10  complexity

/tmp/scaffold-review/tools/sync/ledger.ts
  28:17  warning  No magic number: -1  no-magic-numbers

/tmp/scaffold-review/tools/sync/policy.ts
   22:8   warning  Function 'parsePolicy' has a complexity of 39. Maximum allowed is 10  complexity
   36:21  warning  No magic number: 2                                                    no-magic-numbers
   38:25  warning  No magic number: -1                                                   no-magic-numbers
   71:70  warning  No magic number: 5                                                    no-magic-numbers
   80:19  warning  No magic number: 2                                                    no-magic-numbers
   88:19  warning  No magic number: 4                                                    no-magic-numbers
   89:35  warning  No magic number: 2                                                    no-magic-numbers
  108:19  warning  No magic number: 6                                                    no-magic-numbers
  119:41  warning  No magic number: 2                                                    no-magic-numbers

/tmp/scaffold-review/tools/sync/promote.ts
  24:8  warning  Function 'promoteFiles' has a complexity of 14. Maximum allowed is 10  complexity

/tmp/scaffold-review/tools/sync/run.ts
   23:33  warning  No magic number: 2                                                         no-magic-numbers
   25:92  warning  No magic number: -1                                                        no-magic-numbers
   56:1   warning  Function 'pruneOrphans' has a complexity of 13. Maximum allowed is 10      complexity
   98:1   warning  Function 'removedFilesHint' has a complexity of 15. Maximum allowed is 10  complexity
  136:1   warning  Async function 'main' has a complexity of 18. Maximum allowed is 10        complexity

✖ 179 problems (0 errors, 179 warnings)

